[yp.jyc.co.in/index.html]
[backblue.gif]
[fade.gif]
[index.html]
[cdnjs.cloudflare.com/ajax/libs/font-awesome/4.6.3/css/font-awesome.min.css]
[yp.jyc.co.in/js/jquery.js]
[yp.jyc.co.in/js/bootstrap.min.js]
[yp.jyc.co.in/js/smoothscroll.js]
[yp.jyc.co.in/js/jquery.isotope.min.js]
[yp.jyc.co.in/js/jquery.prettyPhoto.js]
[yp.jyc.co.in/js/jquery.parallax.js]
[yp.jyc.co.in/js/main.js]
[yp.jyc.co.in/images/ico/10001.png]
[yp.jyc.co.in/index-2.html]
[yp.jyc.co.in/images/ico/logo.png]
[yp.jyc.co.in/form.html]
[yp.jyc.co.in/images/slider/img1.jpg]
[yp.jyc.co.in/images/slider/img2.jpg]
[yp.jyc.co.in/images/slider/img3.jpg]
[yp.jyc.co.in/images/our-team/3.jpg]
[yp.jyc.co.in/images/our-team/22.jpg]
[yp.jyc.co.in/images/our-team/11.jpg]
[yp.jyc.co.in/images/our-team/23.jpg]
[yp.jyc.co.in/images/our-team/29.jpg]
[yp.jyc.co.in/images/our-team/5.jpg]
[yp.jyc.co.in/images/our-team/6.jpg]
[yp.jyc.co.in/images/our-team/25.jpg]
[yp.jyc.co.in/images/our-team/2.jpg]
[yp.jyc.co.in/images/our-team/24.jpg]
[yp.jyc.co.in/images/our-team/27.jpg]
[yp.jyc.co.in/images/our-team/28.jpg]
[yp.jyc.co.in/images/our-team/19.jpg]
[yp.jyc.co.in/images/our-team/9.jpg]
[yp.jyc.co.in/images/our-team/16.jpg]
[yp.jyc.co.in/images/our-team/15.jpg]
[yp.jyc.co.in/images/our-team/1.jpg]
[yp.jyc.co.in/images/our-team/8.jpg]
[yp.jyc.co.in/images/our-team/14.jpg]
[yp.jyc.co.in/images/our-team/12.jpg]
[yp.jyc.co.in/images/our-team/17.jpg]
[yp.jyc.co.in/images/our-team/4.jpg]
[yp.jyc.co.in/images/our-team/20.jpg]
[yp.jyc.co.in/images/our-team/13.jpg]
[yp.jyc.co.in/images/our-team/21.jpg]
[yp.jyc.co.in/images/our-team/26.jpg]
[yp.jyc.co.in/images/our-team/18.jpg]
[yp.jyc.co.in/images/our-team/7.jpg]
[yp.jyc.co.in/images/our-team/10.jpg]
[yp.jyc.co.in/images/about-us/1.jpg]
[yp.jyc.co.in/downloads/rules.pdf]
[yp.jyc.co.in/images/about-us/2.jpg]
[yp.jyc.co.in/downloads/Seat Matrix.pdf]
[yp.jyc.co.in/images/about-us/4.jpg]
[yp.jyc.co.in/downloads/artic370_Bg_2019.pdf]
[yp.jyc.co.in/images/about-us/6.jpg]
[yp.jyc.co.in/downloads/ITINERARY JYP.pdf]
[yp.jyc.co.in/downloads/Final Allotments.pdf]
[yp.jyc.co.in/index.html]
[yp.jyc.co.in/fonts/glyphicons-halflings-regular.3b.delayed]
[yp.jyc.co.in/fonts/glyphicons-halflings-regular.3cd41d.delayed]
[yp.jyc.co.in/fonts/glyphicons-halflings-regular.woff]
[yp.jyc.co.in/fonts/glyphicons-halflings-regular.3e.delayed]
[yp.jyc.co.in/css/bootstrap.min.css]
[yp.jyc.co.in/images/prettyPhoto/default/sprite.png]
[yp.jyc.co.in/images/prettyPhoto/default/sprite_x.png]
[yp.jyc.co.in/images/prettyPhoto/default/sprite_y.png]
[yp.jyc.co.in/images/prettyPhoto/default/sprite_next.png]
[yp.jyc.co.in/images/prettyPhoto/default/sprite_prev.png]
[yp.jyc.co.in/images/prettyPhoto/default/default_thumb.png]
[yp.jyc.co.in/images/prettyPhoto/default/loader.gif]
[yp.jyc.co.in/images/prettyPhoto/light_rounded/sprite.png]
[yp.jyc.co.in/images/prettyPhoto/light_rounded/btnNext.png]
[yp.jyc.co.in/images/prettyPhoto/light_rounded/btnPrevious.png]
[yp.jyc.co.in/images/prettyPhoto/dark_rounded/sprite.png]
[yp.jyc.co.in/images/prettyPhoto/dark_rounded/contentPattern.png]
[yp.jyc.co.in/images/prettyPhoto/dark_rounded/btnNext.png]
[yp.jyc.co.in/images/prettyPhoto/dark_rounded/btnPrevious.png]
[yp.jyc.co.in/images/prettyPhoto/dark_rounded/loader.gif]
[yp.jyc.co.in/images/prettyPhoto/dark_square/loader.gif]
[yp.jyc.co.in/images/prettyPhoto/dark_square/sprite.png]
[yp.jyc.co.in/images/prettyPhoto/dark_square/btnNext.png]
[yp.jyc.co.in/images/prettyPhoto/dark_square/btnPrevious.png]
[yp.jyc.co.in/images/prettyPhoto/light_square/sprite.png]
[yp.jyc.co.in/images/prettyPhoto/light_square/btnNext.png]
[yp.jyc.co.in/images/prettyPhoto/light_square/btnPrevious.png]
[yp.jyc.co.in/images/prettyPhoto/facebook/sprite.png]
[yp.jyc.co.in/images/prettyPhoto/facebook/contentPatternTop.png]
[yp.jyc.co.in/images/prettyPhoto/facebook/contentPatternLeft.png]
[yp.jyc.co.in/images/prettyPhoto/facebook/contentPatternRight.png]
[yp.jyc.co.in/images/prettyPhoto/facebook/loader.gif]
[yp.jyc.co.in/images/prettyPhoto/facebook/btnNext.png]
[yp.jyc.co.in/images/prettyPhoto/facebook/btnPrevious.png]
[yp.jyc.co.in/images/prettyPhoto/facebook/contentPatternBottom.png]
[yp.jyc.co.in/images/prettyPhoto/facebook/default_thumbnail.gif]
[yp.jyc.co.in/images/prettyPhoto/light_rounded/loader.gif]
[yp.jyc.co.in/css/prettyPhoto.css]
[yp.jyc.co.in/fonts/fontawesome-webfont.60ba72.delayed]
[yp.jyc.co.in/fonts/fontawesome-webfont.61d41d.delayed]
[yp.jyc.co.in/fonts/fontawesome-webfontba72.woff]
[yp.jyc.co.in/fonts/fontawesome-webfont.63ba72.delayed]
[yp.jyc.co.in/css/font-awesome.min.css]
[yp.jyc.co.in/css/animate.css]
[yp.jyc.co.in/images/home-pattern.png]
[yp.jyc.co.in/images/clients/client-bg.66.delayed]
[yp.jyc.co.in/images/pattern.png]
[yp.jyc.co.in/css/main.css]
[yp.jyc.co.in/css/responsive.css]
[cdnjs.cloudflare.com/ajax/libs/font-awesome/4.6.3/css/font-awesome.min.css]
[yp.jyc.co.in/index-2.html]
[yp.jyc.co.in/form.html]
[yp.jyc.co.in/fonts/glyphicons-halflings-regular.html]
[yp.jyc.co.in/fonts/glyphicons-halflings-regulard41d.html]
[yp.jyc.co.in/fonts/glyphicons-halflings-regular-2.html]
[yp.jyc.co.in/fonts/glyphicons-halflings-regular.svg]
[yp.jyc.co.in/fonts/fontawesome-webfontba72.html]
[yp.jyc.co.in/fonts/fontawesome-webfontd41d.html]
[yp.jyc.co.in/fonts/fontawesome-webfontba72-2.html]
[yp.jyc.co.in/fonts/fontawesome-webfontba72.svg]
[yp.jyc.co.in/images/clients/client-bg.html]
